[?25l[7m{[0m
  "title": "Lorem ipsum",
  "text": "Lorem ipsum dolor sit amet, consectetur adipiscing elit, sed do eiusm
  od tempor incididunt ut labore et dolore magna aliqua. Ut enim ad minim veniam
  , quis nostrud exercitation ullamco laboris nisi ut aliquip ex ea commodo cons
  equat. Duis aute irure dolor in reprehenderit in voluptate velit esse cillum d
  olore eu fugiat nulla pariatur. Excepteur sint occaecat cupidatat non proident
  , sunt in culpa qui officia deserunt mollit anim id est laborum.",
  "tags": [â€¦],
  "year": 3000,
  "funny": true,
  "author": {"name":â€¦}
}
~
~
~
~
~
~
~
~
~
~
~
~
~
~
~
~
~
~
~
~
~
~
~
~
~
~
                                                                                [80D