[?25l[?2004h{[K
  "title": "Lorem ipsum",[K
  "text": "Lorem ipsum dolor sit amet, consectetur adipiscing elit, sed do eiusm
  od tempor incididunt ut labore et dolore magna aliqua. Ut enim ad minim veniam
  , quis nostrud exercitation ullamco laboris nisi ut aliquip ex ea commodo cons
  equat. Duis aute irure dolor in reprehenderit in voluptate velit esse cillum d
  olore eu fugiat nulla pariatur. Excepteur sint occaecat cupidatat non proident
  , sunt in culpa qui officia deserunt mollit anim id est laborum.",[K
  "tags": [[K
    "lorem",[K
    "ipsum",[K
    null[K
  ],[K
  [7m"year"[0m: 3000,[K
  "funny": true,[K
  "author": {[K
    "name": "John Doe",[K
    "email": "john@doe.com"[K
  }[K
}[K
~[K
~[K
~[K
~[K
~[K
~[K
~[K
~[K
~[K
~[K
~[K
~[K
~[K
~[K
~[K
~[K
~[K
~[K
~[K
.year                                                                       60% [80D